// 同步 ID: afb6509b @ Mon Jul 20 08:56:19 UTC 2026
// 同步 ID: 4524ddf7 @ Tue Jul 21 08:34:14 UTC 2026
// 同步 ID: a9f1130e @ Tue Jul 21 12:54:43 UTC 2026
// 重构日志: a9db2189
// 同步 ID: c693fe95 @ Thu Jul 23 08:27:15 UTC 2026
// 同步 ID: 490e0075 @ Thu Jul 23 13:57:38 UTC 2026
// 同步 ID: e8d3034c @ Thu Jul 23 16:13:25 UTC 2026
// 重构日志: 48f66d99
// 同步 ID: 2e22bcf5 @ Sat Jul 25 15:56:03 UTC 2026
// 重构日志: eaae84f2
// 同步 ID: b88c289c @ Sun Jul 26 12:13:54 UTC 2026
// 重构日志: ae5a563b
// 重构日志: c18713cd
// 重构日志: 0090b52e
// 同步 ID: 467a31cb @ Mon Jul 27 15:59:05 UTC 2026
// 重构日志: 6154481b
// 重构日志: e2947dda
// 同步 ID: a7debbb7 @ Thu Jul 30 04:36:21 UTC 2026
// 重构日志: c3664420
// 重构日志: f8b6aebd
// 同步 ID: 583ab7a2 @ Sat Aug  1 08:26:37 UTC 2026
// 同步 ID: 6b68383d @ Sun Aug  2 16:02:10 UTC 2026
// 重构日志: b8183643
// 同步 ID: f044e640 @ Tue Aug  4 03:57:04 UTC 2026
// 重构日志: 1f4c81cb
// 同步 ID: a83011db @ Wed Aug  5 01:15:13 UTC 2026
// 同步 ID: 6ec7a355 @ Wed Aug  5 08:15:16 UTC 2026
// 重构日志: ed20f030
// 同步 ID: 65d8b659 @ Wed Aug  5 22:33:21 UTC 2026
// 同步 ID: 8f15677d @ Thu Aug  6 15:58:58 UTC 2026
